#
# There is insufficient memory for the Java Runtime Environment to continue.
# Native memory allocation (malloc) failed to allocate 1363856 bytes for Chunk::new
# Possible reasons:
#   The system is out of physical RAM or swap space
#   The process is running with CompressedOops enabled, and the Java Heap may be blocking the growth of the native heap
# Possible solutions:
#   Reduce memory load on the system
#   Increase physical memory or swap space
#   Check if swap backing store is full
#   Decrease Java heap size (-Xmx/-Xms)
#   Decrease number of Java threads
#   Decrease Java thread stack sizes (-Xss)
#   Set larger code cache with -XX:ReservedCodeCacheSize=
#   JVM is running with Zero Based Compressed Oops mode in which the Java heap is
#     placed in the first 32GB address space. The Java Heap base address is the
#     maximum limit for the native heap growth. Please use -XX:HeapBaseMinAddress
#     to set the Java Heap base and to place the Java Heap above 32GB virtual address.
# This output file may be truncated or incomplete.
#
#  Out of Memory Error (arena.cpp:189), pid=2008, tid=20096
#
# JRE version: Java(TM) SE Runtime Environment (17.0.12+8) (build 17.0.12+8-LTS-286)
# Java VM: Java HotSpot(TM) 64-Bit Server VM (17.0.12+8-LTS-286, mixed mode, sharing, tiered, compressed oops, compressed class ptrs, serial gc, windows-amd64)
# No core dump will be written. Minidumps are not enabled by default on client versions of Windows
#

---------------  S U M M A R Y ------------

Command Line: --add-opens=java.base/java.lang=ALL-UNNAMED --add-opens=java.base/java.lang.invoke=ALL-UNNAMED --add-opens=java.base/java.util=ALL-UNNAMED --add-opens=java.prefs/java.util.prefs=ALL-UNNAMED --add-exports=jdk.compiler/com.sun.tools.javac.api=ALL-UNNAMED --add-exports=jdk.compiler/com.sun.tools.javac.util=ALL-UNNAMED --add-opens=java.base/java.util=ALL-UNNAMED --add-opens=java.prefs/java.util.prefs=ALL-UNNAMED --add-opens=java.base/java.nio.charset=ALL-UNNAMED --add-opens=java.base/java.net=ALL-UNNAMED --add-opens=java.base/java.util.concurrent.atomic=ALL-UNNAMED --add-opens=java.xml/javax.xml.namespace=ALL-UNNAMED -XX:MaxMetaspaceSize=512m -XX:+UseSerialGC -Xmx2560m -Dfile.encoding=windows-1256 -Duser.country=US -Duser.language=en -Duser.variant -javaagent:D:\Gradle\wrapper\dists\gradle-8.13-bin\5xuhj0ry160q40clulazy9h7d\gradle-8.13\lib\agents\gradle-instrumentation-agent-8.13.jar org.gradle.launcher.daemon.bootstrap.GradleDaemon 8.13

Host: Intel(R) Core(TM) i5-1035G1 CPU @ 1.00GHz, 8 cores, 7G,  Windows 11 , 64 bit Build 22621 (10.0.22621.5262)
Time: Wed Sep 16 19:13:24 2026 Arab Standard Time elapsed time: 537.994410 seconds (0d 0h 8m 57s)

---------------  T H R E A D  ---------------

Current thread (0x0000026a7d609d00):  JavaThread "C2 CompilerThread0" daemon [_thread_in_native, id=20096, stack(0x000000f08bf00000,0x000000f08c000000)]


Current CompileTask:
C2: 537994 41253       4       com.android.tools.r8.internal.sc0::a (579 bytes)

Stack: [0x000000f08bf00000,0x000000f08c000000]
Native frames: (J=compiled Java code, j=interpreted, Vv=VM code, C=native code)
V  [jvm.dll+0x67a04a]
V  [jvm.dll+0x7da4ed]
V  [jvm.dll+0x7dbe33]
V  [jvm.dll+0x7dc4a3]
V  [jvm.dll+0x24508f]
V  [jvm.dll+0xab773]
V  [jvm.dll+0xabd3c]
V  [jvm.dll+0x361b9f]
V  [jvm.dll+0x32c431]
V  [jvm.dll+0x32b8ca]
V  [jvm.dll+0x21683f]
V  [jvm.dll+0x215c6f]
V  [jvm.dll+0x1a2960]
V  [jvm.dll+0x22610b]
V  [jvm.dll+0x2242ab]
V  [jvm.dll+0x79075c]
V  [jvm.dll+0x78abea]
V  [jvm.dll+0x678f35]
C  [ucrtbase.dll+0x29333]
C  [KERNEL32.DLL+0x1259d]
C  [ntdll.dll+0x5af58]


---------------  P R O C E S S  ---------------

Threads class SMR info:
_java_thread_list=0x0000026a24549ee0, length=93, elements={
0x0000026a66945f90, 0x0000026a7d5ea4e0, 0x0000026a7d5ec120, 0x0000026a7d603080,
0x0000026a7d603b50, 0x0000026a7d604620, 0x0000026a7d605890, 0x0000026a7d609d00,
0x0000026a7d60eeb0, 0x0000026a7d611f80, 0x0000026a66a046b0, 0x0000026a7d82d8a0,
0x0000026a1f2d6db0, 0x0000026a7db11ec0, 0x0000026a1f2710c0, 0x0000026a1f31c080,
0x0000026a1f31caa0, 0x0000026a1f31bb70, 0x0000026a1f31c590, 0x0000026a1f31cfb0,
0x0000026a1f31d4c0, 0x0000026a1f3b6120, 0x0000026a1f3b5c10, 0x0000026a1f3b1a40,
0x0000026a1f3b1530, 0x0000026a1f3b47d0, 0x0000026a1f3b42c0, 0x0000026a1f3b6630,
0x0000026a1f3afbe0, 0x0000026a1f3b1f50, 0x0000026a1f3b3db0, 0x0000026a1f3b4ce0,
0x0000026a1f3b0600, 0x0000026a1f3b3390, 0x0000026a1f3b51f0, 0x0000026a1f3af1c0,
0x0000026a1f3b6b40, 0x0000026a1f3b0b10, 0x0000026a1f3af6d0, 0x0000026a1f3b1020,
0x0000026a7d90a810, 0x0000026a7d907060, 0x0000026a7d90bc50, 0x0000026a7d906130,
0x0000026a7d907a80, 0x0000026a7d90ad20, 0x0000026a7d90a300, 0x0000026a7d90cb80,
0x0000026a7d907570, 0x0000026a7d908ec0, 0x0000026a7d9093d0, 0x0000026a20b66f00,
0x0000026a20b65ac0, 0x0000026a20b67920, 0x0000026a20b655b0, 0x0000026a20b67e30,
0x0000026a20b65fd0, 0x0000026a20b669f0, 0x0000026a20b67410, 0x0000026a20b664e0,
0x0000026a20b68340, 0x0000026a20b68850, 0x0000026a22ea0ea0, 0x0000026a22ea18c0,
0x0000026a22ea27f0, 0x0000026a22ea5580, 0x0000026a22ea64b0, 0x0000026a22ea4650,
0x0000026a22ea1dd0, 0x0000026a22e9f040, 0x0000026a22ea0480, 0x0000026a22e9f550,
0x0000026a1fe2c0b0, 0x0000026a1fe29d40, 0x0000026a1fe30280, 0x0000026a1fe2ac70,
0x0000026a2d1508d0, 0x0000026a2d154590, 0x0000026a2d151800, 0x0000026a2d152c40,
0x0000026a2d14f490, 0x0000026a2d154fb0, 0x0000026a2d152730, 0x0000026a2d1554c0,
0x0000026a2d14f9a0, 0x0000026a2d14ef80, 0x0000026a2d156900, 0x0000026a2d14feb0,
0x0000026a2d151d10, 0x0000026a2d153150, 0x0000026a1f3b00f0, 0x0000026a1f3b2970,
0x0000026a2ddcf9e0
}

Java Threads: ( => current thread )
  0x0000026a66945f90 JavaThread "main" [_thread_blocked, id=16152, stack(0x000000f08b700000,0x000000f08b800000)]
  0x0000026a7d5ea4e0 JavaThread "Reference Handler" daemon [_thread_blocked, id=18532, stack(0x000000f08b900000,0x000000f08ba00000)]
  0x0000026a7d5ec120 JavaThread "Finalizer" daemon [_thread_blocked, id=8256, stack(0x000000f08ba00000,0x000000f08bb00000)]
  0x0000026a7d603080 JavaThread "Signal Dispatcher" daemon [_thread_blocked, id=20164, stack(0x000000f08bb00000,0x000000f08bc00000)]
  0x0000026a7d603b50 JavaThread "Attach Listener" daemon [_thread_blocked, id=7052, stack(0x000000f08bc00000,0x000000f08bd00000)]
  0x0000026a7d604620 JavaThread "Service Thread" daemon [_thread_blocked, id=1596, stack(0x000000f08bd00000,0x000000f08be00000)]
  0x0000026a7d605890 JavaThread "Monitor Deflation Thread" daemon [_thread_blocked, id=4868, stack(0x000000f08be00000,0x000000f08bf00000)]
=>0x0000026a7d609d00 JavaThread "C2 CompilerThread0" daemon [_thread_in_native, id=20096, stack(0x000000f08bf00000,0x000000f08c000000)]
  0x0000026a7d60eeb0 JavaThread "C1 CompilerThread0" daemon [_thread_blocked, id=5216, stack(0x000000f08c000000,0x000000f08c100000)]
  0x0000026a7d611f80 JavaThread "Sweeper thread" daemon [_thread_blocked, id=20436, stack(0x000000f08c100000,0x000000f08c200000)]
  0x0000026a66a046b0 JavaThread "Common-Cleaner" daemon [_thread_blocked, id=12164, stack(0x000000f08c200000,0x000000f08c300000)]
  0x0000026a7d82d8a0 JavaThread "Notification Thread" daemon [_thread_blocked, id=21500, stack(0x000000f08c400000,0x000000f08c500000)]
  0x0000026a1f2d6db0 JavaThread "Daemon health stats" [_thread_blocked, id=14352, stack(0x000000f08c700000,0x000000f08c800000)]
  0x0000026a7db11ec0 JavaThread "Incoming local TCP Connector on port 65383" [_thread_in_native, id=19644, stack(0x000000f08c600000,0x000000f08c700000)]
  0x0000026a1f2710c0 JavaThread "Daemon periodic checks" [_thread_blocked, id=16368, stack(0x000000f08c800000,0x000000f08c900000)]
  0x0000026a1f31c080 JavaThread "Daemon" [_thread_blocked, id=5804, stack(0x000000f08c300000,0x000000f08c400000)]
  0x0000026a1f31caa0 JavaThread "Handler for socket connection from /127.0.0.1:65383 to /127.0.0.1:65384" [_thread_in_native, id=15900, stack(0x000000f08c900000,0x000000f08ca00000)]
  0x0000026a1f31bb70 JavaThread "Cancel handler" [_thread_blocked, id=20004, stack(0x000000f08ca00000,0x000000f08cb00000)]
  0x0000026a1f31c590 JavaThread "Daemon worker" [_thread_blocked, id=18616, stack(0x000000f08cb00000,0x000000f08cc00000)]
  0x0000026a1f31cfb0 JavaThread "Asynchronous log dispatcher for DefaultDaemonConnection: socket connection from /127.0.0.1:65383 to /127.0.0.1:65384" [_thread_blocked, id=4304, stack(0x000000f08cc00000,0x000000f08cd00000)]
  0x0000026a1f31d4c0 JavaThread "Stdin handler" [_thread_blocked, id=13412, stack(0x000000f08cd00000,0x000000f08ce00000)]
  0x0000026a1f3b6120 JavaThread "Daemon client event forwarder" [_thread_blocked, id=20788, stack(0x000000f08ce00000,0x000000f08cf00000)]
  0x0000026a1f3b5c10 JavaThread "Cache worker for journal cache (D:\Gradle\caches\journal-1)" [_thread_blocked, id=8224, stack(0x000000f08d000000,0x000000f08d100000)]
  0x0000026a1f3b1a40 JavaThread "File lock request listener" [_thread_in_native, id=20344, stack(0x000000f08d100000,0x000000f08d200000)]
  0x0000026a1f3b1530 JavaThread "Cache worker for file hash cache (D:\Gradle\caches\8.13\fileHashes)" [_thread_blocked, id=13824, stack(0x000000f08d200000,0x000000f08d300000)]
  0x0000026a1f3b47d0 JavaThread "Cache worker for file hash cache (D:\v3\android\.gradle\8.13\fileHashes)" [_thread_blocked, id=3076, stack(0x000000f08d400000,0x000000f08d500000)]
  0x0000026a1f3b42c0 JavaThread "Cache worker for Build Output Cleanup Cache (D:\v3\android\.gradle\buildOutputCleanup)" [_thread_blocked, id=18596, stack(0x000000f08d500000,0x000000f08d600000)]
  0x0000026a1f3b6630 JavaThread "File watcher server" daemon [_thread_in_native, id=4716, stack(0x000000f08d600000,0x000000f08d700000)]
  0x0000026a1f3afbe0 JavaThread "File watcher consumer" daemon [_thread_blocked, id=12048, stack(0x000000f08d700000,0x000000f08d800000)]
  0x0000026a1f3b1f50 JavaThread "jar transforms" [_thread_blocked, id=15404, stack(0x000000f08d800000,0x000000f08d900000)]
  0x0000026a1f3b3db0 JavaThread "Cache worker for checksums cache (D:\v3\android\.gradle\8.13\checksums)" [_thread_blocked, id=15768, stack(0x000000f08d900000,0x000000f08da00000)]
  0x0000026a1f3b4ce0 JavaThread "Cache worker for file content cache (D:\Gradle\caches\8.13\fileContent)" [_thread_blocked, id=6192, stack(0x000000f08da00000,0x000000f08db00000)]
  0x0000026a1f3b0600 JavaThread "Cache worker for cache directory md-supplier (D:\Gradle\caches\8.13\md-supplier)" [_thread_blocked, id=17144, stack(0x000000f08dc00000,0x000000f08dd00000)]
  0x0000026a1f3b3390 JavaThread "Cache worker for cache directory md-rule (D:\Gradle\caches\8.13\md-rule)" [_thread_blocked, id=18140, stack(0x000000f08dd00000,0x000000f08de00000)]
  0x0000026a1f3b51f0 JavaThread "Cache worker for Build Output Cleanup Cache (D:\v3\node_modules\@react-native\gradle-plugin\.gradle\buildOutputCleanup)" [_thread_blocked, id=12392, stack(0x000000f08df00000,0x000000f08e000000)]
  0x0000026a1f3af1c0 JavaThread "Unconstrained build operations" [_thread_blocked, id=15500, stack(0x000000f08e100000,0x000000f08e200000)]
  0x0000026a1f3b6b40 JavaThread "Unconstrained build operations Thread 2" [_thread_blocked, id=18608, stack(0x000000f08e200000,0x000000f08e300000)]
  0x0000026a1f3b0b10 JavaThread "Unconstrained build operations Thread 3" [_thread_blocked, id=4796, stack(0x000000f08e300000,0x000000f08e400000)]
  0x0000026a1f3af6d0 JavaThread "Cache worker for Build Output Cleanup Cache (D:\v3\node_modules\expo-modules-autolinking\android\expo-gradle-plugin\.gradle\buildOutputCleanup)" [_thread_blocked, id=17664, stack(0x000000f08e000000,0x000000f08e100000)]
  0x0000026a1f3b1020 JavaThread "Unconstrained build operations Thread 4" [_thread_blocked, id=19732, stack(0x000000f08e400000,0x000000f08e500000)]
  0x0000026a7d90a810 JavaThread "Unconstrained build operations Thread 5" [_thread_blocked, id=18744, stack(0x000000f08e500000,0x000000f08e600000)]
  0x0000026a7d907060 JavaThread "Unconstrained build operations Thread 6" [_thread_blocked, id=16132, stack(0x000000f08e600000,0x000000f08e700000)]
  0x0000026a7d90bc50 JavaThread "build event listener" [_thread_blocked, id=5992, stack(0x000000f08e900000,0x000000f08ea00000)]
  0x0000026a7d906130 JavaThread "Memory manager" [_thread_blocked, id=11544, stack(0x000000f08ea00000,0x000000f08eb00000)]
  0x0000026a7d907a80 JavaThread "Unconstrained build operations Thread 7" [_thread_blocked, id=20028, stack(0x000000f08ec00000,0x000000f08ed00000)]
  0x0000026a7d90ad20 JavaThread "build event listener" [_thread_blocked, id=11576, stack(0x000000f08ed00000,0x000000f08ee00000)]
  0x0000026a7d90a300 JavaThread "Unconstrained build operations Thread 8" [_thread_blocked, id=18348, stack(0x000000f08ee00000,0x000000f08ef00000)]
  0x0000026a7d90cb80 JavaThread "Unconstrained build operations Thread 9" [_thread_blocked, id=13052, stack(0x000000f08ef00000,0x000000f08f000000)]
  0x0000026a7d907570 JavaThread "Unconstrained build operations Thread 10" [_thread_blocked, id=15216, stack(0x000000f08f000000,0x000000f08f100000)]
  0x0000026a7d908ec0 JavaThread "Execution worker" [_thread_blocked, id=20608, stack(0x000000f08fa00000,0x000000f08fb00000)]
  0x0000026a7d9093d0 JavaThread "Cache worker for execution history cache (D:\v3\node_modules\expo-modules-autolinking\android\expo-gradle-plugin\.gradle\8.13\executionHistory)" [_thread_blocked, id=1064, stack(0x000000f08fb00000,0x000000f08fc00000)]
  0x0000026a20b66f00 JavaThread "Cache worker for execution history cache (D:\v3\node_modules\@react-native\gradle-plugin\.gradle\8.13\executionHistory)" [_thread_blocked, id=19244, stack(0x000000f08fc00000,0x000000f08fd00000)]
  0x0000026a20b65ac0 JavaThread "Unconstrained build operations Thread 11" [_thread_blocked, id=18388, stack(0x000000f08fd00000,0x000000f08fe00000)]
  0x0000026a20b67920 JavaThread "Unconstrained build operations Thread 12" [_thread_blocked, id=9984, stack(0x000000f08fe00000,0x000000f08ff00000)]
  0x0000026a20b655b0 JavaThread "Unconstrained build operations Thread 13" [_thread_blocked, id=18204, stack(0x000000f08ff00000,0x000000f090000000)]
  0x0000026a20b67e30 JavaThread "Unconstrained build operations Thread 14" [_thread_blocked, id=3916, stack(0x000000f090000000,0x000000f090100000)]
  0x0000026a20b65fd0 JavaThread "Unconstrained build operations Thread 15" [_thread_blocked, id=11632, stack(0x000000f090100000,0x000000f090200000)]
  0x0000026a20b669f0 JavaThread "Unconstrained build operations Thread 16" [_thread_blocked, id=7732, stack(0x000000f090200000,0x000000f090300000)]
  0x0000026a20b67410 JavaThread "Unconstrained build operations Thread 17" [_thread_blocked, id=7184, stack(0x000000f090300000,0x000000f090400000)]
  0x0000026a20b664e0 JavaThread "Unconstrained build operations Thread 18" [_thread_blocked, id=18996, stack(0x000000f090400000,0x000000f090500000)]
  0x0000026a20b68340 JavaThread "Unconstrained build operations Thread 19" [_thread_blocked, id=18948, stack(0x000000f090500000,0x000000f090600000)]
  0x0000026a20b68850 JavaThread "Unconstrained build operations Thread 20" [_thread_blocked, id=18852, stack(0x000000f090600000,0x000000f090700000)]
  0x0000026a22ea0ea0 JavaThread "jar transforms Thread 2" [_thread_blocked, id=14212, stack(0x000000f090700000,0x000000f090800000)]
  0x0000026a22ea18c0 JavaThread "Cache worker for Build Output Cleanup Cache (D:\v3\node_modules\expo\node_modules\expo-modules-core\expo-module-gradle-plugin\.gradle\buildOutputCleanup)" [_thread_blocked, id=4288, stack(0x000000f08b400000,0x000000f08b500000)]
  0x0000026a22ea27f0 JavaThread "build event listener" [_thread_blocked, id=12868, stack(0x000000f08de00000,0x000000f08df00000)]
  0x0000026a22ea5580 JavaThread "jar transforms Thread 3" [_thread_blocked, id=6996, stack(0x000000f08eb00000,0x000000f08ec00000)]
  0x0000026a22ea64b0 JavaThread "Cache worker for execution history cache (D:\v3\node_modules\expo\node_modules\expo-modules-core\expo-module-gradle-plugin\.gradle\8.13\executionHistory)" [_thread_blocked, id=8692, stack(0x000000f090900000,0x000000f090a00000)]
  0x0000026a22ea4650 JavaThread "jar transforms Thread 4" [_thread_blocked, id=19036, stack(0x000000f090a00000,0x000000f090b00000)]
  0x0000026a22ea1dd0 JavaThread "Problems report writer" [_thread_blocked, id=2520, stack(0x000000f090b00000,0x000000f090c00000)]
  0x0000026a22e9f040 JavaThread "jar transforms Thread 5" [_thread_blocked, id=18640, stack(0x000000f08b600000,0x000000f08b700000)]
  0x0000026a22ea0480 JavaThread "jar transforms Thread 6" [_thread_blocked, id=3680, stack(0x000000f090c00000,0x000000f090d00000)]
  0x0000026a22e9f550 JavaThread "build event listener" [_thread_blocked, id=13644, stack(0x000000f090d00000,0x000000f090e00000)]
  0x0000026a1fe2c0b0 JavaThread "jar transforms Thread 7" [_thread_blocked, id=19624, stack(0x000000f090f00000,0x000000f091000000)]
  0x0000026a1fe29d40 JavaThread "jar transforms Thread 8" [_thread_blocked, id=10256, stack(0x000000f091000000,0x000000f091100000)]
  0x0000026a1fe30280 JavaThread "included builds Thread 4" [_thread_blocked, id=17024, stack(0x000000f08e700000,0x000000f08e800000)]
  0x0000026a1fe2ac70 JavaThread "Cache worker for execution history cache (D:\v3\android\.gradle\8.13\executionHistory)" [_thread_blocked, id=14424, stack(0x000000f08f800000,0x000000f08f900000)]
  0x0000026a2d1508d0 JavaThread "WorkerExecutor Queue" [_thread_blocked, id=20432, stack(0x000000f08f500000,0x000000f08f600000)]
  0x0000026a2d154590 JavaThread "RMI Scheduler(0)" daemon [_thread_blocked, id=13344, stack(0x000000f08f900000,0x000000f08fa00000)]
  0x0000026a2d151800 JavaThread "RMI GC Daemon" daemon [_thread_blocked, id=2328, stack(0x000000f090e00000,0x000000f090f00000)]
  0x0000026a2d152c40 JavaThread "RMI TCP Accept-0" daemon [_thread_in_native, id=19628, stack(0x000000f08b500000,0x000000f08b600000)]
  0x0000026a2d14f490 JavaThread "RMI Reaper" [_thread_blocked, id=20868, stack(0x000000f091100000,0x000000f091200000)]
  0x0000026a2d154fb0 JavaThread "Cache worker for Java compile cache (D:\Gradle\caches\8.13\javaCompile)" [_thread_blocked, id=3552, stack(0x000000f091400000,0x000000f091500000)]
  0x0000026a2d152730 JavaThread "Build operations" [_thread_blocked, id=14876, stack(0x000000f091500000,0x000000f091600000)]
  0x0000026a2d1554c0 JavaThread "WorkerExecutor Queue Thread 2" [_thread_in_Java, id=1840, stack(0x000000f091600000,0x000000f091700000)]
  0x0000026a2d14f9a0 JavaThread "ForkJoinPool-1-worker-1" daemon [_thread_blocked, id=21012, stack(0x000000f08d300000,0x000000f08d400000)]
  0x0000026a2d14ef80 JavaThread "ForkJoinPool-1-worker-2" daemon [_thread_blocked, id=20516, stack(0x000000f08db00000,0x000000f08dc00000)]
  0x0000026a2d156900 JavaThread "ForkJoinPool-1-worker-3" daemon [_thread_blocked, id=11552, stack(0x000000f090800000,0x000000f090900000)]
  0x0000026a2d14feb0 JavaThread "ForkJoinPool-1-worker-4" daemon [_thread_blocked, id=2904, stack(0x000000f091300000,0x000000f091400000)]
  0x0000026a2d151d10 JavaThread "ForkJoinPool-1-worker-5" daemon [_thread_blocked, id=8832, stack(0x000000f091700000,0x000000f091800000)]
  0x0000026a2d153150 JavaThread "ForkJoinPool-1-worker-7" daemon [_thread_blocked, id=5116, stack(0x000000f091800000,0x000000f091900000)]
  0x0000026a1f3b00f0 JavaThread "ForkJoinPool-1-worker-6" daemon [_thread_blocked, id=17708, stack(0x000000f091900000,0x000000f091a00000)]
  0x0000026a1f3b2970 JavaThread "ForkJoinPool-1-worker-8" daemon [_thread_blocked, id=6788, stack(0x000000f091a00000,0x000000f091b00000)]
  0x0000026a2ddcf9e0 JavaThread "RMI TCP Connection(idle)" daemon [_thread_blocked, id=1092, stack(0x000000f08cf00000,0x000000f08d000000)]

Other Threads:
  0x0000026a7d5e6230 VMThread "VM Thread" [stack: 0x000000f08b800000,0x000000f08b900000] [id=13480]
  0x0000026a7d831950 WatcherThread [stack: 0x000000f08c500000,0x000000f08c600000] [id=17684]

Threads with active compile tasks:
C2 CompilerThread0   538062 41253       4       com.android.tools.r8.internal.sc0::a (579 bytes)

VM state: not at safepoint (normal execution)

VM Mutex/Monitor currently owned by a thread: None

Heap address: 0x0000000760000000, size: 2560 MB, Compressed Oops mode: Zero based, Oop shift amount: 3

CDS archive(s) mapped at: [0x0000026a00000000-0x0000026a00bd0000-0x0000026a00bd0000), size 12386304, SharedBaseAddress: 0x0000026a00000000, ArchiveRelocationMode: 1.
Compressed class space mapped at: 0x0000026a01000000-0x0000026a1b000000, reserved size: 436207616
Narrow klass base: 0x0000026a00000000, Narrow klass shift: 0, Narrow klass range: 0x100000000

GC Precious Log:
 CPUs: 8 total, 8 available
 Memory: 7778M
 Large Page Support: Disabled
 NUMA Support: Disabled
 Compressed Oops: Enabled (Zero based)
 Heap Min Capacity: 8M
 Heap Initial Capacity: 122M
 Heap Max Capacity: 2560M
 Pre-touch: Disabled

Heap:
 def new generation   total 660160K, used 316400K [0x0000000760000000, 0x000000078cc50000, 0x0000000795550000)
  eden space 586816K,  53% used [0x0000000760000000, 0x00000007734fc2c0, 0x0000000783d10000)
  from space 73344K,   0% used [0x0000000783d10000, 0x0000000783d10000, 0x00000007884b0000)
  to   space 73344K,   0% used [0x00000007884b0000, 0x00000007884b0000, 0x000000078cc50000)
 tenured generation   total 1466268K, used 1466268K [0x0000000795550000, 0x00000007eed37000, 0x0000000800000000)
   the space 1466268K, 100% used [0x0000000795550000, 0x00000007eed37000, 0x00000007eed37000, 0x00000007eed37000)
 Metaspace       used 186406K, committed 188992K, reserved 622592K
  class space    used 25917K, committed 27136K, reserved 425984K

Card table byte_map: [0x0000026a662f0000,0x0000026a66800000] _byte_map_base: 0x0000026a627f0000

Polling page: 0x0000026a648a0000

Metaspace:

Usage:
  Non-class:    156.73 MB used.
      Class:     25.31 MB used.
       Both:    182.04 MB used.

Virtual space:
  Non-class space:      192.00 MB reserved,     158.06 MB ( 82%) committed,  3 nodes.
      Class space:      416.00 MB reserved,      26.50 MB (  6%) committed,  1 nodes.
             Both:      608.00 MB reserved,     184.56 MB ( 30%) committed. 

Chunk freelists:
   Non-Class:  1.56 MB
       Class:  5.48 MB
        Both:  7.04 MB

MaxMetaspaceSize: 512.00 MB
CompressedClassSpaceSize: 416.00 MB
Initial GC threshold: 21.00 MB
Current GC threshold: 307.62 MB
CDS: on
MetaspaceReclaimPolicy: balanced
 - commit_granule_bytes: 65536.
 - commit_granule_words: 8192.
 - virtual_space_node_default_size: 8388608.
 - enlarge_chunks_in_place: 1.
 - new_chunks_are_fully_committed: 0.
 - uncommit_free_chunks: 1.
 - use_allocation_guard: 0.
 - handle_deallocations: 1.


Internal statistics:

num_allocs_failed_limit: 9.
num_arena_births: 3956.
num_arena_deaths: 164.
num_vsnodes_births: 4.
num_vsnodes_deaths: 0.
num_space_committed: 2952.
num_space_uncommitted: 0.
num_chunks_returned_to_freelist: 247.
num_chunks_taken_from_freelist: 12889.
num_chunk_merges: 94.
num_chunk_splits: 8057.
num_chunks_enlarged: 4795.
num_inconsistent_stats: 0.

CodeHeap 'non-profiled nmethods': size=120000Kb used=31581Kb max_used=31581Kb free=88418Kb
 bounds [0x0000026a75cd0000, 0x0000026a77bb0000, 0x0000026a7d200000]
CodeHeap 'profiled nmethods': size=120000Kb used=64634Kb max_used=65687Kb free=55366Kb
 bounds [0x0000026a6e200000, 0x0000026a72230000, 0x0000026a75730000]
CodeHeap 'non-nmethods': size=5760Kb used=2566Kb max_used=2644Kb free=3193Kb
 bounds [0x0000026a75730000, 0x0000026a759e0000, 0x0000026a75cd0000]
 total_blobs=33360 nmethods=32242 adapters=1029
 compilation: enabled
              stopped_count=0, restarted_count=0
 full_count=0

Compilation events (20 events):
Event: 537.637 Thread 0x0000026a7d609d00 nmethod 38950 0x0000026a770e7c90 code [0x0000026a770e7e60, 0x0000026a770e82b8]
Event: 537.637 Thread 0x0000026a7d609d00 46345       4       com.android.tools.r8.internal.tC::toArray (8 bytes)
Event: 537.646 Thread 0x0000026a7d609d00 nmethod 46345 0x0000026a770e7310 code [0x0000026a770e74c0, 0x0000026a770e79b8]
Event: 537.647 Thread 0x0000026a7d609d00 46820       4       com.android.tools.r8.internal.sq::a (51 bytes)
Event: 537.665 Thread 0x0000026a7d609d00 nmethod 46820 0x0000026a770e6290 code [0x0000026a770e64a0, 0x0000026a770e6a70]
Event: 537.666 Thread 0x0000026a7d609d00 46394       4       com.android.tools.r8.internal.AK::a (150 bytes)
Event: 537.712 Thread 0x0000026a7d609d00 nmethod 46394 0x0000026a770e4610 code [0x0000026a770e4880, 0x0000026a770e5688]
Event: 537.713 Thread 0x0000026a7d609d00 46395       4       com.android.tools.r8.internal.AK::b (80 bytes)
Event: 537.766 Thread 0x0000026a7d609d00 nmethod 46395 0x0000026a770e1d90 code [0x0000026a770e2040, 0x0000026a770e3028]
Event: 537.767 Thread 0x0000026a7d609d00 39189       4       com.android.tools.r8.internal.Zv0::f (4 bytes)
Event: 537.767 Thread 0x0000026a7d609d00 nmethod 39189 0x0000026a770e1a90 code [0x0000026a770e1c00, 0x0000026a770e1c58]
Event: 537.768 Thread 0x0000026a7d609d00 46819       4       com.android.tools.r8.dex.k0::a (64 bytes)
Event: 537.775 Thread 0x0000026a7d609d00 nmethod 46819 0x0000026a770e0f10 code [0x0000026a770e10c0, 0x0000026a770e13f8]
Event: 537.775 Thread 0x0000026a7d609d00 41273       4       com.android.tools.r8.internal.X30::hasNext (12 bytes)
Event: 537.776 Thread 0x0000026a7d609d00 nmethod 41273 0x0000026a77ba6490 code [0x0000026a77ba6600, 0x0000026a77ba6698]
Event: 537.776 Thread 0x0000026a7d609d00 46402       4       com.android.tools.r8.internal.Xz::a (43 bytes)
Event: 537.784 Thread 0x0000026a7d609d00 nmethod 46402 0x0000026a77ba6790 code [0x0000026a77ba6960, 0x0000026a77ba6ed8]
Event: 537.784 Thread 0x0000026a7d609d00 41234       4       com.android.tools.r8.internal.u20::d (4 bytes)
Event: 537.784 Thread 0x0000026a7d609d00 nmethod 41234 0x0000026a77ba7310 code [0x0000026a77ba7480, 0x0000026a77ba74f8]
Event: 537.785 Thread 0x0000026a7d609d00 41253       4       com.android.tools.r8.internal.sc0::a (579 bytes)

GC Heap History (20 events):
Event: 510.831 GC heap before
{Heap before GC invocations=218 (full 17):
 def new generation   total 624000K, used 576975K [0x0000000760000000, 0x000000078a510000, 0x0000000795550000)
  eden space 554688K, 100% used [0x0000000760000000, 0x0000000781db0000, 0x0000000781db0000)
  from space 69312K,  32% used [0x0000000786160000, 0x0000000787723ce8, 0x000000078a510000)
  to   space 69312K,   0% used [0x0000000781db0000, 0x0000000781db0000, 0x0000000786160000)
 tenured generation   total 1385820K, used 1241491K [0x0000000795550000, 0x00000007e9ea7000, 0x0000000800000000)
   the space 1385820K,  89% used [0x0000000795550000, 0x00000007e11b4ca8, 0x00000007e11b4e00, 0x00000007e9ea7000)
 Metaspace       used 184849K, committed 187520K, reserved 622592K
  class space    used 25709K, committed 26944K, reserved 425984K
}
Event: 511.003 GC heap after
{Heap after GC invocations=219 (full 17):
 def new generation   total 624000K, used 39684K [0x0000000760000000, 0x000000078a510000, 0x0000000795550000)
  eden space 554688K,   0% used [0x0000000760000000, 0x0000000760000000, 0x0000000781db0000)
  from space 69312K,  57% used [0x0000000781db0000, 0x0000000784471350, 0x0000000786160000)
  to   space 69312K,   0% used [0x0000000786160000, 0x0000000786160000, 0x000000078a510000)
 tenured generation   total 1385820K, used 1241491K [0x0000000795550000, 0x00000007e9ea7000, 0x0000000800000000)
   the space 1385820K,  89% used [0x0000000795550000, 0x00000007e11b4ca8, 0x00000007e11b4e00, 0x00000007e9ea7000)
 Metaspace       used 184849K, committed 187520K, reserved 622592K
  class space    used 25709K, committed 26944K, reserved 425984K
}
Event: 512.042 GC heap before
{Heap before GC invocations=219 (full 17):
 def new generation   total 624000K, used 594372K [0x0000000760000000, 0x000000078a510000, 0x0000000795550000)
  eden space 554688K, 100% used [0x0000000760000000, 0x0000000781db0000, 0x0000000781db0000)
  from space 69312K,  57% used [0x0000000781db0000, 0x0000000784471350, 0x0000000786160000)
  to   space 69312K,   0% used [0x0000000786160000, 0x0000000786160000, 0x000000078a510000)
 tenured generation   total 1385820K, used 1241491K [0x0000000795550000, 0x00000007e9ea7000, 0x0000000800000000)
   the space 1385820K,  89% used [0x0000000795550000, 0x00000007e11b4ca8, 0x00000007e11b4e00, 0x00000007e9ea7000)
 Metaspace       used 184849K, committed 187520K, reserved 622592K
  class space    used 25709K, committed 26944K, reserved 425984K
}
Event: 512.207 GC heap after
{Heap after GC invocations=220 (full 17):
 def new generation   total 624000K, used 32531K [0x0000000760000000, 0x000000078a510000, 0x0000000795550000)
  eden space 554688K,   0% used [0x0000000760000000, 0x0000000760000000, 0x0000000781db0000)
  from space 69312K,  46% used [0x0000000786160000, 0x0000000788124f78, 0x000000078a510000)
  to   space 69312K,   0% used [0x0000000781db0000, 0x0000000781db0000, 0x0000000786160000)
 tenured generation   total 1385820K, used 1249832K [0x0000000795550000, 0x00000007e9ea7000, 0x0000000800000000)
   the space 1385820K,  90% used [0x0000000795550000, 0x00000007e19da270, 0x00000007e19da400, 0x00000007e9ea7000)
 Metaspace       used 184849K, committed 187520K, reserved 622592K
  class space    used 25709K, committed 26944K, reserved 425984K
}
Event: 513.195 GC heap before
{Heap before GC invocations=220 (full 17):
 def new generation   total 624000K, used 587219K [0x0000000760000000, 0x000000078a510000, 0x0000000795550000)
  eden space 554688K, 100% used [0x0000000760000000, 0x0000000781db0000, 0x0000000781db0000)
  from space 69312K,  46% used [0x0000000786160000, 0x0000000788124f78, 0x000000078a510000)
  to   space 69312K,   0% used [0x0000000781db0000, 0x0000000781db0000, 0x0000000786160000)
 tenured generation   total 1385820K, used 1249832K [0x0000000795550000, 0x00000007e9ea7000, 0x0000000800000000)
   the space 1385820K,  90% used [0x0000000795550000, 0x00000007e19da270, 0x00000007e19da400, 0x00000007e9ea7000)
 Metaspace       used 184853K, committed 187520K, reserved 622592K
  class space    used 25709K, committed 26944K, reserved 425984K
}
Event: 513.322 GC heap after
{Heap after GC invocations=221 (full 17):
 def new generation   total 624000K, used 29683K [0x0000000760000000, 0x000000078a510000, 0x0000000795550000)
  eden space 554688K,   0% used [0x0000000760000000, 0x0000000760000000, 0x0000000781db0000)
  from space 69312K,  42% used [0x0000000781db0000, 0x0000000783aacd50, 0x0000000786160000)
  to   space 69312K,   0% used [0x0000000786160000, 0x0000000786160000, 0x000000078a510000)
 tenured generation   total 1385820K, used 1249832K [0x0000000795550000, 0x00000007e9ea7000, 0x0000000800000000)
   the space 1385820K,  90% used [0x0000000795550000, 0x00000007e19da270, 0x00000007e19da400, 0x00000007e9ea7000)
 Metaspace       used 184853K, committed 187520K, reserved 622592K
  class space    used 25709K, committed 26944K, reserved 425984K
}
Event: 514.441 GC heap before
{Heap before GC invocations=221 (full 17):
 def new generation   total 624000K, used 584371K [0x0000000760000000, 0x000000078a510000, 0x0000000795550000)
  eden space 554688K, 100% used [0x0000000760000000, 0x0000000781db0000, 0x0000000781db0000)
  from space 69312K,  42% used [0x0000000781db0000, 0x0000000783aacd50, 0x0000000786160000)
  to   space 69312K,   0% used [0x0000000786160000, 0x0000000786160000, 0x000000078a510000)
 tenured generation   total 1385820K, used 1249832K [0x0000000795550000, 0x00000007e9ea7000, 0x0000000800000000)
   the space 1385820K,  90% used [0x0000000795550000, 0x00000007e19da270, 0x00000007e19da400, 0x00000007e9ea7000)
 Metaspace       used 184853K, committed 187520K, reserved 622592K
  class space    used 25709K, committed 26944K, reserved 425984K
}
Event: 514.526 GC heap after
{Heap after GC invocations=222 (full 17):
 def new generation   total 624000K, used 16076K [0x0000000760000000, 0x000000078a510000, 0x0000000795550000)
  eden space 554688K,   0% used [0x0000000760000000, 0x0000000760000000, 0x0000000781db0000)
  from space 69312K,  23% used [0x0000000786160000, 0x0000000787113260, 0x000000078a510000)
  to   space 69312K,   0% used [0x0000000781db0000, 0x0000000781db0000, 0x0000000786160000)
 tenured generation   total 1385820K, used 1249832K [0x0000000795550000, 0x00000007e9ea7000, 0x0000000800000000)
   the space 1385820K,  90% used [0x0000000795550000, 0x00000007e19da270, 0x00000007e19da400, 0x00000007e9ea7000)
 Metaspace       used 184853K, committed 187520K, reserved 622592K
  class space    used 25709K, committed 26944K, reserved 425984K
}
Event: 515.490 GC heap before
{Heap before GC invocations=222 (full 17):
 def new generation   total 624000K, used 570764K [0x0000000760000000, 0x000000078a510000, 0x0000000795550000)
  eden space 554688K, 100% used [0x0000000760000000, 0x0000000781db0000, 0x0000000781db0000)
  from space 69312K,  23% used [0x0000000786160000, 0x0000000787113260, 0x000000078a510000)
  to   space 69312K,   0% used [0x0000000781db0000, 0x0000000781db0000, 0x0000000786160000)
 tenured generation   total 1385820K, used 1249832K [0x0000000795550000, 0x00000007e9ea7000, 0x0000000800000000)
   the space 1385820K,  90% used [0x0000000795550000, 0x00000007e19da270, 0x00000007e19da400, 0x00000007e9ea7000)
 Metaspace       used 184855K, committed 187520K, reserved 622592K
  class space    used 25709K, committed 26944K, reserved 425984K
}
Event: 515.588 GC heap after
{Heap after GC invocations=223 (full 17):
 def new generation   total 624000K, used 19543K [0x0000000760000000, 0x000000078a510000, 0x0000000795550000)
  eden space 554688K,   0% used [0x0000000760000000, 0x0000000760000000, 0x0000000781db0000)
  from space 69312K,  28% used [0x0000000781db0000, 0x00000007830c5c58, 0x0000000786160000)
  to   space 69312K,   0% used [0x0000000786160000, 0x0000000786160000, 0x000000078a510000)
 tenured generation   total 1385820K, used 1249832K [0x0000000795550000, 0x00000007e9ea7000, 0x0000000800000000)
   the space 1385820K,  90% used [0x0000000795550000, 0x00000007e19da270, 0x00000007e19da400, 0x00000007e9ea7000)
 Metaspace       used 184855K, committed 187520K, reserved 622592K
  class space    used 25709K, committed 26944K, reserved 425984K
}
Event: 520.936 GC heap before
{Heap before GC invocations=223 (full 17):
 def new generation   total 624000K, used 574231K [0x0000000760000000, 0x000000078a510000, 0x0000000795550000)
  eden space 554688K, 100% used [0x0000000760000000, 0x0000000781db0000, 0x0000000781db0000)
  from space 69312K,  28% used [0x0000000781db0000, 0x00000007830c5c58, 0x0000000786160000)
  to   space 69312K,   0% used [0x0000000786160000, 0x0000000786160000, 0x000000078a510000)
 tenured generation   total 1385820K, used 1249832K [0x0000000795550000, 0x00000007e9ea7000, 0x0000000800000000)
   the space 1385820K,  90% used [0x0000000795550000, 0x00000007e19da270, 0x00000007e19da400, 0x00000007e9ea7000)
 Metaspace       used 185750K, committed 188416K, reserved 622592K
  class space    used 25842K, committed 27072K, reserved 425984K
}
Event: 521.090 GC heap after
{Heap after GC invocations=224 (full 17):
 def new generation   total 624000K, used 49485K [0x0000000760000000, 0x000000078a510000, 0x0000000795550000)
  eden space 554688K,   0% used [0x0000000760000000, 0x0000000760000000, 0x0000000781db0000)
  from space 69312K,  71% used [0x0000000786160000, 0x00000007891b35a8, 0x000000078a510000)
  to   space 69312K,   0% used [0x0000000781db0000, 0x0000000781db0000, 0x0000000786160000)
 tenured generation   total 1385820K, used 1249832K [0x0000000795550000, 0x00000007e9ea7000, 0x0000000800000000)
   the space 1385820K,  90% used [0x0000000795550000, 0x00000007e19da270, 0x00000007e19da400, 0x00000007e9ea7000)
 Metaspace       used 185750K, committed 188416K, reserved 622592K
  class space    used 25842K, committed 27072K, reserved 425984K
}
Event: 525.170 GC heap before
{Heap before GC invocations=224 (full 17):
 def new generation   total 624000K, used 604173K [0x0000000760000000, 0x000000078a510000, 0x0000000795550000)
  eden space 554688K, 100% used [0x0000000760000000, 0x0000000781db0000, 0x0000000781db0000)
  from space 69312K,  71% used [0x0000000786160000, 0x00000007891b35a8, 0x000000078a510000)
  to   space 69312K,   0% used [0x0000000781db0000, 0x0000000781db0000, 0x0000000786160000)
 tenured generation   total 1385820K, used 1249832K [0x0000000795550000, 0x00000007e9ea7000, 0x0000000800000000)
   the space 1385820K,  90% used [0x0000000795550000, 0x00000007e19da270, 0x00000007e19da400, 0x00000007e9ea7000)
 Metaspace       used 186229K, committed 188864K, reserved 622592K
  class space    used 25902K, committed 27136K, reserved 425984K
}
Event: 525.443 GC heap after
{Heap after GC invocations=225 (full 17):
 def new generation   total 624000K, used 69311K [0x0000000760000000, 0x000000078a510000, 0x0000000795550000)
  eden space 554688K,   0% used [0x0000000760000000, 0x0000000760000000, 0x0000000781db0000)
  from space 69312K,  99% used [0x0000000781db0000, 0x000000078615fff8, 0x0000000786160000)
  to   space 69312K,   0% used [0x0000000786160000, 0x0000000786160000, 0x000000078a510000)
 tenured generation   total 1385820K, used 1271954K [0x0000000795550000, 0x00000007e9ea7000, 0x0000000800000000)
   the space 1385820K,  91% used [0x0000000795550000, 0x00000007e2f74ad8, 0x00000007e2f74c00, 0x00000007e9ea7000)
 Metaspace       used 186229K, committed 188864K, reserved 622592K
  class space    used 25902K, committed 27136K, reserved 425984K
}
Event: 528.321 GC heap before
{Heap before GC invocations=225 (full 17):
 def new generation   total 624000K, used 623999K [0x0000000760000000, 0x000000078a510000, 0x0000000795550000)
  eden space 554688K, 100% used [0x0000000760000000, 0x0000000781db0000, 0x0000000781db0000)
  from space 69312K,  99% used [0x0000000781db0000, 0x000000078615fff8, 0x0000000786160000)
  to   space 69312K,   0% used [0x0000000786160000, 0x0000000786160000, 0x000000078a510000)
 tenured generation   total 1385820K, used 1271954K [0x0000000795550000, 0x00000007e9ea7000, 0x0000000800000000)
   the space 1385820K,  91% used [0x0000000795550000, 0x00000007e2f74ad8, 0x00000007e2f74c00, 0x00000007e9ea7000)
 Metaspace       used 186254K, committed 188864K, reserved 622592K
  class space    used 25902K, committed 27136K, reserved 425984K
}
Event: 528.711 GC heap after
{Heap after GC invocations=226 (full 17):
 def new generation   total 624000K, used 69312K [0x0000000760000000, 0x000000078a510000, 0x0000000795550000)
  eden space 554688K,   0% used [0x0000000760000000, 0x0000000760000000, 0x0000000781db0000)
  from space 69312K, 100% used [0x0000000786160000, 0x000000078a510000, 0x000000078a510000)
  to   space 69312K,   0% used [0x0000000781db0000, 0x0000000781db0000, 0x0000000786160000)
 tenured generation   total 1385820K, used 1350521K [0x0000000795550000, 0x00000007e9ea7000, 0x0000000800000000)
   the space 1385820K,  97% used [0x0000000795550000, 0x00000007e7c2e580, 0x00000007e7c2e600, 0x00000007e9ea7000)
 Metaspace       used 186254K, committed 188864K, reserved 622592K
  class space    used 25902K, committed 27136K, reserved 425984K
}
Event: 531.375 GC heap before
{Heap before GC invocations=226 (full 17):
 def new generation   total 624000K, used 624000K [0x0000000760000000, 0x000000078a510000, 0x0000000795550000)
  eden space 554688K, 100% used [0x0000000760000000, 0x0000000781db0000, 0x0000000781db0000)
  from space 69312K, 100% used [0x0000000786160000, 0x000000078a510000, 0x000000078a510000)
  to   space 69312K,   0% used [0x0000000781db0000, 0x0000000781db0000, 0x0000000786160000)
 tenured generation   total 1385820K, used 1350521K [0x0000000795550000, 0x00000007e9ea7000, 0x0000000800000000)
   the space 1385820K,  97% used [0x0000000795550000, 0x00000007e7c2e580, 0x00000007e7c2e600, 0x00000007e9ea7000)
 Metaspace       used 186405K, committed 188992K, reserved 622592K
  class space    used 25917K, committed 27136K, reserved 425984K
}
Event: 532.140 GC heap after
{Heap after GC invocations=227 (full 17):
 def new generation   total 624000K, used 69311K [0x0000000760000000, 0x000000078a510000, 0x0000000795550000)
  eden space 554688K,   0% used [0x0000000760000000, 0x0000000760000000, 0x0000000781db0000)
  from space 69312K,  99% used [0x0000000781db0000, 0x000000078615fff8, 0x0000000786160000)
  to   space 69312K,   0% used [0x0000000786160000, 0x0000000786160000, 0x000000078a510000)
 tenured generation   total 1466268K, used 1466104K [0x0000000795550000, 0x00000007eed37000, 0x0000000800000000)
   the space 1466268K,  99% used [0x0000000795550000, 0x00000007eed0e1a8, 0x00000007eed0e200, 0x00000007eed37000)
 Metaspace       used 186405K, committed 188992K, reserved 622592K
  class space    used 25917K, committed 27136K, reserved 425984K
}
Event: 532.140 GC heap before
{Heap before GC invocations=227 (full 17):
 def new generation   total 624000K, used 69311K [0x0000000760000000, 0x000000078a510000, 0x0000000795550000)
  eden space 554688K,   0% used [0x0000000760000000, 0x0000000760000000, 0x0000000781db0000)
  from space 69312K,  99% used [0x0000000781db0000, 0x000000078615fff8, 0x0000000786160000)
  to   space 69312K,   0% used [0x0000000786160000, 0x0000000786160000, 0x000000078a510000)
 tenured generation   total 1466268K, used 1466104K [0x0000000795550000, 0x00000007eed37000, 0x0000000800000000)
   the space 1466268K,  99% used [0x0000000795550000, 0x00000007eed0e1a8, 0x00000007eed0e200, 0x00000007eed37000)
 Metaspace       used 186405K, committed 188992K, reserved 622592K
  class space    used 25917K, committed 27136K, reserved 425984K
}
Event: 536.458 GC heap after
{Heap after GC invocations=227 (full 18):
 def new generation   total 660160K, used 7333K [0x0000000760000000, 0x000000078cc50000, 0x0000000795550000)
  eden space 586816K,   1% used [0x0000000760000000, 0x00000007607294d0, 0x0000000783d10000)
  from space 73344K,   0% used [0x0000000783d10000, 0x0000000783d10000, 0x00000007884b0000)
  to   space 73344K,   0% used [0x00000007884b0000, 0x00000007884b0000, 0x000000078cc50000)
 tenured generation   total 1466268K, used 1466268K [0x0000000795550000, 0x00000007eed37000, 0x0000000800000000)
   the space 1466268K, 100% used [0x0000000795550000, 0x00000007eed37000, 0x00000007eed37000, 0x00000007eed37000)
 Metaspace       used 186405K, committed 188992K, reserved 622592K
  class space    used 25917K, committed 27136K, reserved 425984K
}

Deoptimization events (20 events):
Event: 531.132 Thread 0x0000026a2d1554c0 Uncommon trap: trap_request=0xffffffd6 fr.pc=0x0000026a771ab594 relative=0x0000000000000e14
Event: 531.132 Thread 0x0000026a2d1554c0 Uncommon trap: reason=array_check action=maybe_recompile pc=0x0000026a771ab594 method=java.util.TimSort.mergeHi(IIII)V @ 282 c2
Event: 531.132 Thread 0x0000026a2d1554c0 DEOPT PACKING pc=0x0000026a771ab594 sp=0x000000f0916fd820
Event: 531.132 Thread 0x0000026a2d1554c0 DEOPT UNPACKING pc=0x0000026a757858a3 sp=0x000000f0916fd7d8 mode 2
Event: 531.144 Thread 0x0000026a2d1554c0 DEOPT PACKING pc=0x0000026a70c250ec sp=0x000000f0916fd7e0
Event: 531.144 Thread 0x0000026a2d1554c0 DEOPT UNPACKING pc=0x0000026a757863e3 sp=0x000000f0916fccd0 mode 0
Event: 531.145 Thread 0x0000026a2d1554c0 Uncommon trap: trap_request=0xffffffd6 fr.pc=0x0000026a771ab4fc relative=0x0000000000000d7c
Event: 531.145 Thread 0x0000026a2d1554c0 Uncommon trap: reason=array_check action=maybe_recompile pc=0x0000026a771ab4fc method=java.util.TimSort.mergeHi(IIII)V @ 250 c2
Event: 531.145 Thread 0x0000026a2d1554c0 DEOPT PACKING pc=0x0000026a771ab4fc sp=0x000000f0916fd820
Event: 531.145 Thread 0x0000026a2d1554c0 DEOPT UNPACKING pc=0x0000026a757858a3 sp=0x000000f0916fd7d8 mode 2
Event: 531.146 Thread 0x0000026a2d1554c0 Uncommon trap: trap_request=0xffffffd6 fr.pc=0x0000026a771ab4fc relative=0x0000000000000d7c
Event: 531.146 Thread 0x0000026a2d1554c0 Uncommon trap: reason=array_check action=maybe_recompile pc=0x0000026a771ab4fc method=java.util.TimSort.mergeHi(IIII)V @ 250 c2
Event: 531.146 Thread 0x0000026a2d1554c0 DEOPT PACKING pc=0x0000026a771ab4fc sp=0x000000f0916fd820
Event: 531.146 Thread 0x0000026a2d1554c0 DEOPT UNPACKING pc=0x0000026a757858a3 sp=0x000000f0916fd7d8 mode 2
Event: 531.211 Thread 0x0000026a2d1554c0 DEOPT PACKING pc=0x0000026a71fe9490 sp=0x000000f0916fd710
Event: 531.211 Thread 0x0000026a2d1554c0 DEOPT UNPACKING pc=0x0000026a757863e3 sp=0x000000f0916fcc20 mode 0
Event: 531.340 Thread 0x0000026a2d1554c0 DEOPT PACKING pc=0x0000026a71fb1d1e sp=0x000000f0916fd9a0
Event: 531.340 Thread 0x0000026a2d1554c0 DEOPT UNPACKING pc=0x0000026a757863e3 sp=0x000000f0916fcf88 mode 0
Event: 537.303 Thread 0x0000026a2d1554c0 DEOPT PACKING pc=0x0000026a70c2b7dc sp=0x000000f0916fd700
Event: 537.303 Thread 0x0000026a2d1554c0 DEOPT UNPACKING pc=0x0000026a757863e3 sp=0x000000f0916fcbe8 mode 0

Classes unloaded (20 events):
Event: 404.607 Thread 0x0000026a7d5e6230 Unloading class 0x0000026a02919800 'java/lang/invoke/LambdaForm$MH+0x0000026a02919800'
Event: 404.607 Thread 0x0000026a7d5e6230 Unloading class 0x0000026a02919400 'java/lang/invoke/LambdaForm$MH+0x0000026a02919400'
Event: 404.607 Thread 0x0000026a7d5e6230 Unloading class 0x0000026a02919000 'java/lang/invoke/LambdaForm$MH+0x0000026a02919000'
Event: 404.607 Thread 0x0000026a7d5e6230 Unloading class 0x0000026a02918c00 'java/lang/invoke/LambdaForm$MH+0x0000026a02918c00'
Event: 404.607 Thread 0x0000026a7d5e6230 Unloading class 0x0000026a02918400 'java/lang/invoke/LambdaForm$DMH+0x0000026a02918400'
Event: 404.607 Thread 0x0000026a7d5e6230 Unloading class 0x0000026a02917c00 'java/lang/invoke/LambdaForm$DMH+0x0000026a02917c00'
Event: 404.607 Thread 0x0000026a7d5e6230 Unloading class 0x0000026a02918000 'java/lang/invoke/LambdaForm$DMH+0x0000026a02918000'
Event: 404.607 Thread 0x0000026a7d5e6230 Unloading class 0x0000026a02917800 'java/lang/invoke/LambdaForm$DMH+0x0000026a02917800'
Event: 404.607 Thread 0x0000026a7d5e6230 Unloading class 0x0000026a02917000 'java/lang/invoke/LambdaForm$DMH+0x0000026a02917000'
Event: 404.607 Thread 0x0000026a7d5e6230 Unloading class 0x0000026a02916c00 'java/lang/invoke/LambdaForm$DMH+0x0000026a02916c00'
Event: 404.607 Thread 0x0000026a7d5e6230 Unloading class 0x0000026a02916400 'java/lang/invoke/LambdaForm$DMH+0x0000026a02916400'
Event: 404.607 Thread 0x0000026a7d5e6230 Unloading class 0x0000026a02916800 'java/lang/invoke/LambdaForm$DMH+0x0000026a02916800'
Event: 404.607 Thread 0x0000026a7d5e6230 Unloading class 0x0000026a02916000 'java/lang/invoke/LambdaForm$DMH+0x0000026a02916000'
Event: 404.607 Thread 0x0000026a7d5e6230 Unloading class 0x0000026a02915c00 'java/lang/invoke/LambdaForm$DMH+0x0000026a02915c00'
Event: 404.607 Thread 0x0000026a7d5e6230 Unloading class 0x0000026a02915400 'java/lang/invoke/LambdaForm$DMH+0x0000026a02915400'
Event: 404.607 Thread 0x0000026a7d5e6230 Unloading class 0x0000026a02915000 'java/lang/invoke/LambdaForm$DMH+0x0000026a02915000'
Event: 404.607 Thread 0x0000026a7d5e6230 Unloading class 0x0000026a02914c00 'java/lang/invoke/LambdaForm$DMH+0x0000026a02914c00'
Event: 404.607 Thread 0x0000026a7d5e6230 Unloading class 0x0000026a02914000 'java/lang/invoke/LambdaForm$DMH+0x0000026a02914000'
Event: 404.607 Thread 0x0000026a7d5e6230 Unloading class 0x0000026a02914800 'java/lang/invoke/LambdaForm$DMH+0x0000026a02914800'
Event: 485.549 Thread 0x0000026a7d5e6230 Unloading class 0x0000026a02a18800 'java/lang/invoke/LambdaForm$DMH+0x0000026a02a18800'

Classes redefined (0 events):
No events

Internal exceptions (20 events):
Event: 468.310 Thread 0x0000026a2d151d10 Exception <a 'java/lang/IncompatibleClassChangeError'{0x00000007622536a0}: Found class java.lang.Object, but interface was expected> (0x00000007622536a0) 
thrown [s\open\src\hotspot\share\interpreter\linkResolver.cpp, line 826]
Event: 468.310 Thread 0x0000026a1f3b2970 Exception <a 'java/lang/IncompatibleClassChangeError'{0x0000000761d5a378}: Found class java.lang.Object, but interface was expected> (0x0000000761d5a378) 
thrown [s\open\src\hotspot\share\interpreter\linkResolver.cpp, line 826]
Event: 468.310 Thread 0x0000026a2d14feb0 Exception <a 'java/lang/IncompatibleClassChangeError'{0x0000000762399a48}: Found class java.lang.Object, but interface was expected> (0x0000000762399a48) 
thrown [s\open\src\hotspot\share\interpreter\linkResolver.cpp, line 826]
Event: 468.310 Thread 0x0000026a2d14f9a0 Exception <a 'java/lang/IncompatibleClassChangeError'{0x000000076216b940}: Found class java.lang.Object, but interface was expected> (0x000000076216b940) 
thrown [s\open\src\hotspot\share\interpreter\linkResolver.cpp, line 826]
Event: 468.310 Thread 0x0000026a2d14ef80 Exception <a 'java/lang/IncompatibleClassChangeError'{0x000000076134a750}: Found class java.lang.Object, but interface was expected> (0x000000076134a750) 
thrown [s\open\src\hotspot\share\interpreter\linkResolver.cpp, line 826]
Event: 468.310 Thread 0x0000026a1f3b00f0 Exception <a 'java/lang/IncompatibleClassChangeError'{0x0000000762318938}: Found class java.lang.Object, but interface was expected> (0x0000000762318938) 
thrown [s\open\src\hotspot\share\interpreter\linkResolver.cpp, line 826]
Event: 468.310 Thread 0x0000026a2d153150 Exception <a 'java/lang/IncompatibleClassChangeError'{0x000000076246d208}: Found class java.lang.Object, but interface was expected> (0x000000076246d208) 
thrown [s\open\src\hotspot\share\interpreter\linkResolver.cpp, line 826]
Event: 469.253 Thread 0x0000026a2d1554c0 Implicit null exception at 0x0000026a76854875 to 0x0000026a76854be0
Event: 469.304 Thread 0x0000026a2d1554c0 Implicit null exception at 0x0000026a76ff880f to 0x0000026a76ff8b38
Event: 473.420 Thread 0x0000026a2d14feb0 Exception <a 'java/lang/NoSuchMethodError'{0x00000007714699c8}: 'void java.lang.invoke.DirectMethodHandle$Holder.invokeVirtual(java.lang.Object, java.lang.Object, int)'> (0x00000007714699c8) 
thrown [s\open\src\hotspot\share\interpreter\linkResolver.cpp, line 759]
Event: 473.435 Thread 0x0000026a2d151d10 Exception <a 'java/lang/NoSuchMethodError'{0x0000000771216188}: 'int java.lang.invoke.DirectMethodHandle$Holder.invokeSpecial(java.lang.Object, java.lang.Object, java.lang.Object, int, java.lang.Object)'> (0x0000000771216188) 
thrown [s\open\src\hotspot\share\interpreter\linkResolver.cpp, line 759]
Event: 473.435 Thread 0x0000026a1f3b00f0 Exception <a 'java/lang/NoSuchMethodError'{0x0000000771534e80}: 'int java.lang.invoke.DirectMethodHandle$Holder.invokeSpecial(java.lang.Object, java.lang.Object, java.lang.Object, int, java.lang.Object)'> (0x0000000771534e80) 
thrown [s\open\src\hotspot\share\interpreter\linkResolver.cpp, line 759]
Event: 473.497 Thread 0x0000026a2d14feb0 Exception <a 'java/lang/NoSuchMethodError'{0x00000007716ecbd8}: 'int java.lang.invoke.DirectMethodHandle$Holder.invokeInterface(java.lang.Object, java.lang.Object, int)'> (0x00000007716ecbd8) 
thrown [s\open\src\hotspot\share\interpreter\linkResolver.cpp, line 759]
Event: 473.516 Thread 0x0000026a2d14feb0 Exception <a 'java/lang/NoSuchMethodError'{0x00000007716fd0b8}: 'void java.lang.invoke.DirectMethodHandle$Holder.invokeStatic(java.lang.Object, int)'> (0x00000007716fd0b8) 
thrown [s\open\src\hotspot\share\interpreter\linkResolver.cpp, line 759]
Event: 475.091 Thread 0x0000026a2d156900 Exception <a 'java/lang/NoSuchMethodError'{0x0000000762bf12d8}: 'java.lang.Object java.lang.invoke.DirectMethodHandle$Holder.newInvokeSpecial(java.lang.Object, int, java.lang.Object, java.lang.Object, java.lang.Object, java.lang.Object)'> (0x0000000762bf12d8) 
thrown [s\open\src\hotspot\share\interpreter\linkResolver.cpp, line 759]
Event: 475.092 Thread 0x0000026a2d156900 Exception <a 'java/lang/NoSuchMethodError'{0x0000000762bf5800}: 'java.lang.Object java.lang.invoke.DirectMethodHandle$Holder.invokeSpecial(java.lang.Object, java.lang.Object, int, java.lang.Object, java.lang.Object, java.lang.Object, java.lang.Object)'> (0x0000000762bf5800) 
thrown [s\open\src\hotspot\share\interpreter\linkResolver.cpp, line 759]
Event: 515.326 Thread 0x0000026a2d151d10 Implicit null exception at 0x0000026a7798631b to 0x0000026a7798ae38
Event: 519.527 Thread 0x0000026a2d14feb0 Exception <a 'java/lang/IncompatibleClassChangeError'{0x000000077d5a8fa0}: Found class java.lang.Object, but interface was expected> (0x000000077d5a8fa0) 
thrown [s\open\src\hotspot\share\interpreter\linkResolver.cpp, line 826]
Event: 522.205 Thread 0x0000026a2d1554c0 Exception <a 'java/lang/NoSuchMethodError'{0x0000000765965b90}: 'void java.lang.invoke.DirectMethodHandle$Holder.invokeStatic(java.lang.Object, java.lang.Object, int, java.lang.Object, java.lang.Object)'> (0x0000000765965b90) 
thrown [s\open\src\hotspot\share\interpreter\linkResolver.cpp, line 759]
Event: 522.210 Thread 0x0000026a2d1554c0 Exception <a 'java/lang/NoSuchMethodError'{0x0000000765992960}: 'java.lang.Object java.lang.invoke.Invokers$Holder.linkToTargetMethod(java.lang.Object, int, int, java.lang.Object, java.lang.Object)'> (0x0000000765992960) 
thrown [s\open\src\hotspot\share\interpreter\linkResolver.cpp, line 759]

VM Operations (20 events):
Event: 525.170 Executing VM operation: GenCollectForAllocation
Event: 525.443 Executing VM operation: GenCollectForAllocation done
Event: 526.444 Executing VM operation: Cleanup
Event: 526.444 Executing VM operation: Cleanup done
Event: 527.444 Executing VM operation: Cleanup
Event: 527.445 Executing VM operation: Cleanup done
Event: 528.321 Executing VM operation: GenCollectForAllocation
Event: 528.711 Executing VM operation: GenCollectForAllocation done
Event: 529.711 Executing VM operation: Cleanup
Event: 529.711 Executing VM operation: Cleanup done
Event: 530.712 Executing VM operation: Cleanup
Event: 530.712 Executing VM operation: Cleanup done
Event: 530.867 Executing VM operation: HandshakeAllThreads
Event: 530.867 Executing VM operation: HandshakeAllThreads done
Event: 530.872 Executing VM operation: HandshakeAllThreads
Event: 530.872 Executing VM operation: HandshakeAllThreads done
Event: 531.375 Executing VM operation: GenCollectForAllocation
Event: 536.458 Executing VM operation: GenCollectForAllocation done
Event: 537.458 Executing VM operation: Cleanup
Event: 537.459 Executing VM operation: Cleanup done

Events (20 events):
Event: 530.953 Thread 0x0000026a7d611f80 flushing nmethod 0x0000026a7209d590
Event: 530.953 Thread 0x0000026a7d611f80 flushing nmethod 0x0000026a7209da10
Event: 530.953 Thread 0x0000026a7d611f80 flushing nmethod 0x0000026a720f6510
Event: 530.954 Thread 0x0000026a7d611f80 flushing nmethod 0x0000026a72182b90
Event: 530.954 Thread 0x0000026a7d611f80 flushing nmethod 0x0000026a72182f10
Event: 530.954 Thread 0x0000026a7d611f80 flushing nmethod 0x0000026a72184490
Event: 530.954 Thread 0x0000026a7d611f80 flushing nmethod 0x0000026a72184d90
Event: 530.954 Thread 0x0000026a7d611f80 flushing nmethod 0x0000026a72185290
Event: 530.954 Thread 0x0000026a7d611f80 flushing nmethod 0x0000026a721d5010
Event: 530.954 Thread 0x0000026a7d611f80 flushing nmethod 0x0000026a721d7110
Event: 530.954 Thread 0x0000026a7d611f80 flushing nmethod 0x0000026a721d7690
Event: 530.954 Thread 0x0000026a7d611f80 flushing nmethod 0x0000026a721d8290
Event: 530.954 Thread 0x0000026a7d611f80 flushing nmethod 0x0000026a721d8690
Event: 530.954 Thread 0x0000026a7d611f80 flushing nmethod 0x0000026a721d8a10
Event: 530.954 Thread 0x0000026a7d611f80 flushing nmethod 0x0000026a721d8d90
Event: 530.954 Thread 0x0000026a7d611f80 flushing nmethod 0x0000026a721da110
Event: 530.954 Thread 0x0000026a7d611f80 flushing nmethod 0x0000026a721dab90
Event: 530.954 Thread 0x0000026a7d611f80 flushing nmethod 0x0000026a721daf90
Event: 530.954 Thread 0x0000026a7d611f80 flushing nmethod 0x0000026a721db890
Event: 530.954 Thread 0x0000026a7d611f80 flushing nmethod 0x0000026a721dcc10


Dynamic libraries:
0x00007ff629590000 - 0x00007ff6295a0000 	D:\Gradle\bin\java.exe
0x00007ffaa06f0000 - 0x00007ffaa0907000 	C:\WINDOWS\SYSTEM32\ntdll.dll
0x00007ffa9fe60000 - 0x00007ffa9ff24000 	C:\WINDOWS\System32\KERNEL32.DLL
0x00007ffa9dd10000 - 0x00007ffa9e0e3000 	C:\WINDOWS\System32\KERNELBASE.dll
0x00007ffa9d980000 - 0x00007ffa9da91000 	C:\WINDOWS\System32\ucrtbase.dll
0x00007ffa968a0000 - 0x00007ffa968b9000 	D:\Gradle\bin\jli.dll
0x00007ffa95c30000 - 0x00007ffa95c4b000 	D:\Gradle\bin\VCRUNTIME140.dll
0x00007ffa9e380000 - 0x00007ffa9e431000 	C:\WINDOWS\System32\ADVAPI32.dll
0x00007ffa9e440000 - 0x00007ffa9e4e7000 	C:\WINDOWS\System32\msvcrt.dll
0x00007ffa9ea00000 - 0x00007ffa9eaa7000 	C:\WINDOWS\System32\sechost.dll
0x00007ffa9d810000 - 0x00007ffa9d838000 	C:\WINDOWS\System32\bcrypt.dll
0x00007ffa9e520000 - 0x00007ffa9e634000 	C:\WINDOWS\System32\RPCRT4.dll
0x00007ffa9fa80000 - 0x00007ffa9fc31000 	C:\WINDOWS\System32\USER32.dll
0x00007ffa9d7e0000 - 0x00007ffa9d806000 	C:\WINDOWS\System32\win32u.dll
0x00007ffa89de0000 - 0x00007ffa8a07b000 	C:\WINDOWS\WinSxS\amd64_microsoft.windows.common-controls_6595b64144ccf1df_6.0.22621.5262_none_2712bde373830908\COMCTL32.dll
0x00007ffa9e4f0000 - 0x00007ffa9e519000 	C:\WINDOWS\System32\GDI32.dll
0x00007ffa9dbe0000 - 0x00007ffa9dd02000 	C:\WINDOWS\System32\gdi32full.dll
0x00007ffa9e2e0000 - 0x00007ffa9e37a000 	C:\WINDOWS\System32\msvcp_win.dll
0x00007ffa95b20000 - 0x00007ffa95b2a000 	C:\WINDOWS\SYSTEM32\VERSION.dll
0x00007ffa9ffc0000 - 0x00007ffa9fff1000 	C:\WINDOWS\System32\IMM32.DLL
0x00007ffa98650000 - 0x00007ffa9865c000 	D:\Gradle\bin\vcruntime140_1.dll
0x00007ffa94f80000 - 0x00007ffa9500e000 	D:\Gradle\bin\msvcp140.dll
0x00007ffa3ee70000 - 0x00007ffa3fa50000 	D:\Gradle\bin\server\jvm.dll
0x00007ffa9fe50000 - 0x00007ffa9fe58000 	C:\WINDOWS\System32\PSAPI.DLL
0x00007ffa8a3b0000 - 0x00007ffa8a3b9000 	C:\WINDOWS\SYSTEM32\WSOCK32.dll
0x00007ffa9e7d0000 - 0x00007ffa9e841000 	C:\WINDOWS\System32\WS2_32.dll
0x00007ffa98c80000 - 0x00007ffa98cb4000 	C:\WINDOWS\SYSTEM32\WINMM.dll
0x00007ffa9c820000 - 0x00007ffa9c838000 	C:\WINDOWS\SYSTEM32\kernel.appcore.dll
0x00007ffa96890000 - 0x00007ffa9689a000 	D:\Gradle\bin\jimage.dll
0x00007ffa9b330000 - 0x00007ffa9b562000 	C:\WINDOWS\SYSTEM32\DBGHELP.DLL
0x00007ffa9ee40000 - 0x00007ffa9f1d3000 	C:\WINDOWS\System32\combase.dll
0x00007ffa9fcb0000 - 0x00007ffa9fd87000 	C:\WINDOWS\System32\OLEAUT32.dll
0x00007ffa966f0000 - 0x00007ffa96722000 	C:\WINDOWS\SYSTEM32\dbgcore.DLL
0x00007ffa9e0f0000 - 0x00007ffa9e16b000 	C:\WINDOWS\System32\bcryptPrimitives.dll
0x00007ffa92c80000 - 0x00007ffa92c8e000 	D:\Gradle\bin\instrument.dll
0x00007ffa951a0000 - 0x00007ffa951c5000 	D:\Gradle\bin\java.dll
0x00007ffa91470000 - 0x00007ffa91547000 	D:\Gradle\bin\jsvml.dll
0x00007ffa9f1e0000 - 0x00007ffa9fa7d000 	C:\WINDOWS\System32\SHELL32.dll
0x00007ffa9daa0000 - 0x00007ffa9dbdf000 	C:\WINDOWS\System32\wintypes.dll
0x00007ffa9b720000 - 0x00007ffa9c03d000 	C:\WINDOWS\SYSTEM32\windows.storage.dll
0x00007ffa9ebd0000 - 0x00007ffa9ecdb000 	C:\WINDOWS\System32\SHCORE.dll
0x00007ffa9e760000 - 0x00007ffa9e7c6000 	C:\WINDOWS\System32\shlwapi.dll
0x00007ffa9d710000 - 0x00007ffa9d73b000 	C:\WINDOWS\SYSTEM32\profapi.dll
0x00007ffa950d0000 - 0x00007ffa950e8000 	D:\Gradle\bin\zip.dll
0x00007ffa95180000 - 0x00007ffa95199000 	D:\Gradle\bin\net.dll
0x00007ffa9a200000 - 0x00007ffa9a32c000 	C:\WINDOWS\SYSTEM32\WINHTTP.dll
0x00007ffa9cca0000 - 0x00007ffa9cd0a000 	C:\WINDOWS\system32\mswsock.dll
0x00007ffa95160000 - 0x00007ffa95176000 	D:\Gradle\bin\nio.dll
0x00007ffa96840000 - 0x00007ffa96850000 	D:\Gradle\bin\verify.dll
0x00007ffa950a0000 - 0x00007ffa950c7000 	D:\Gradle\native\1def1411415f61bf3af743bc5b6707747c0891f09f0c88961ee8f79bc544acac\windows-amd64\native-platform.dll
0x00007ffa6a970000 - 0x00007ffa6a9e8000 	D:\Gradle\native\0.2.7\x86_64-windows-gnu\gradle-fileevents.dll
0x00007ffa95c20000 - 0x00007ffa95c2a000 	D:\Gradle\bin\management.dll
0x00007ffa95150000 - 0x00007ffa9515b000 	D:\Gradle\bin\management_ext.dll
0x00007ffa9c2a0000 - 0x00007ffa9c2cd000 	C:\WINDOWS\SYSTEM32\IPHLPAPI.DLL
0x00007ffa9eab0000 - 0x00007ffa9eab9000 	C:\WINDOWS\System32\NSI.dll
0x00007ffa993d0000 - 0x00007ffa993e9000 	C:\WINDOWS\SYSTEM32\dhcpcsvc6.DLL
0x00007ffa992b0000 - 0x00007ffa992cf000 	C:\WINDOWS\SYSTEM32\dhcpcsvc.DLL
0x00007ffa9c310000 - 0x00007ffa9c408000 	C:\WINDOWS\SYSTEM32\DNSAPI.dll
0x00007ffa9cef0000 - 0x00007ffa9cf0b000 	C:\WINDOWS\SYSTEM32\CRYPTSP.dll
0x00007ffa9c780000 - 0x00007ffa9c7b7000 	C:\WINDOWS\system32\rsaenh.dll
0x00007ffa9cd90000 - 0x00007ffa9cdb8000 	C:\WINDOWS\SYSTEM32\USERENV.dll
0x00007ffa9cf10000 - 0x00007ffa9cf1c000 	C:\WINDOWS\SYSTEM32\CRYPTBASE.dll
0x00007ffa91430000 - 0x00007ffa9143e000 	D:\Gradle\bin\sunmscapi.dll
0x00007ffa9e170000 - 0x00007ffa9e2d7000 	C:\WINDOWS\System32\CRYPT32.dll
0x00007ffa9d0b0000 - 0x00007ffa9d0dd000 	C:\WINDOWS\SYSTEM32\ncrypt.dll
0x00007ffa9d070000 - 0x00007ffa9d0a7000 	C:\WINDOWS\SYSTEM32\NTASN1.dll
0x00007ffa80f40000 - 0x00007ffa80f48000 	C:\WINDOWS\system32\wshunix.dll
0x00007ffa91440000 - 0x00007ffa91447000 	D:\Gradle\bin\rmi.dll

dbghelp: loaded successfully - version: 4.0.5 - missing functions: none
symbol engine: initialized successfully - sym options: 0x614 - pdb path: .;D:\Gradle\bin;C:\WINDOWS\SYSTEM32;C:\WINDOWS\WinSxS\amd64_microsoft.windows.common-controls_6595b64144ccf1df_6.0.22621.5262_none_2712bde373830908;D:\Gradle\bin\server;D:\Gradle\native\1def1411415f61bf3af743bc5b6707747c0891f09f0c88961ee8f79bc544acac\windows-amd64;D:\Gradle\native\0.2.7\x86_64-windows-gnu

VM Arguments:
jvm_args: --add-opens=java.base/java.lang=ALL-UNNAMED --add-opens=java.base/java.lang.invoke=ALL-UNNAMED --add-opens=java.base/java.util=ALL-UNNAMED --add-opens=java.prefs/java.util.prefs=ALL-UNNAMED --add-exports=jdk.compiler/com.sun.tools.javac.api=ALL-UNNAMED --add-exports=jdk.compiler/com.sun.tools.javac.util=ALL-UNNAMED --add-opens=java.base/java.util=ALL-UNNAMED --add-opens=java.prefs/java.util.prefs=ALL-UNNAMED --add-opens=java.base/java.nio.charset=ALL-UNNAMED --add-opens=java.base/java.net=ALL-UNNAMED --add-opens=java.base/java.util.concurrent.atomic=ALL-UNNAMED --add-opens=java.xml/javax.xml.namespace=ALL-UNNAMED -XX:MaxMetaspaceSize=512m -XX:+UseSerialGC -Xmx2560m -Dfile.encoding=windows-1256 -Duser.country=US -Duser.language=en -Duser.variant -javaagent:D:\Gradle\wrapper\dists\gradle-8.13-bin\5xuhj0ry160q40clulazy9h7d\gradle-8.13\lib\agents\gradle-instrumentation-agent-8.13.jar 
java_command: org.gradle.launcher.daemon.bootstrap.GradleDaemon 8.13
java_class_path (initial): D:\Gradle\wrapper\dists\gradle-8.13-bin\5xuhj0ry160q40clulazy9h7d\gradle-8.13\lib\gradle-daemon-main-8.13.jar
Launcher Type: SUN_STANDARD

[Global flags]
     intx CICompilerCount                          = 4                                         {product} {ergonomic}
   size_t CompressedClassSpaceSize                 = 436207616                                 {product} {ergonomic}
   size_t InitialHeapSize                          = 127926272                                 {product} {ergonomic}
   size_t MaxHeapSize                              = 2684354560                                {product} {command line}
   size_t MaxMetaspaceSize                         = 536870912                                 {product} {command line}
   size_t MaxNewSize                               = 894763008                                 {product} {ergonomic}
   size_t MinHeapDeltaBytes                        = 196608                                    {product} {ergonomic}
   size_t MinHeapSize                              = 8388608                                   {product} {ergonomic}
   size_t NewSize                                  = 42598400                                  {product} {ergonomic}
    uintx NonNMethodCodeHeapSize                   = 5839372                                {pd product} {ergonomic}
    uintx NonProfiledCodeHeapSize                  = 122909434                              {pd product} {ergonomic}
   size_t OldSize                                  = 85327872                                  {product} {ergonomic}
    uintx ProfiledCodeHeapSize                     = 122909434                              {pd product} {ergonomic}
    uintx ReservedCodeCacheSize                    = 251658240                              {pd product} {ergonomic}
     bool SegmentedCodeCache                       = true                                      {product} {ergonomic}
   size_t SoftMaxHeapSize                          = 2684354560                             {manageable} {ergonomic}
     bool UseCompressedClassPointers               = true                           {product lp64_product} {ergonomic}
     bool UseCompressedOops                        = true                           {product lp64_product} {ergonomic}
     bool UseLargePagesIndividualAllocation        = false                                  {pd product} {ergonomic}
     bool UseSerialGC                              = true                                      {product} {command line}

Logging:
Log output configuration:
 #0: stdout all=warning uptime,level,tags
 #1: stderr all=off uptime,level,tags

Environment Variables:
PATH=D:\app\Git\mingw64\bin;D:\app\Git\usr\bin;C:\Users\B\bin;C:\Program Files\Common Files\Oracle\Java\javapath;C:\Program Files\Eclipse Adoptium\jre-17.0.8.101-hotspot\bin;C:\Program Files (x86)\NVIDIA Corporation\PhysX\Common;C:\WINDOWS\system32;C:\WINDOWS;C:\WINDOWS\System32\Wbem;C:\WINDOWS\System32\WindowsPowerShell\v1.0\;C:\WINDOWS\System32\OpenSSH\;D:\test\Git\cmd;D:\;C:\Users\B\AppData\Local\Microsoft\WindowsApps;C:\Users\B\AppData\Local\Programs\Microsoft VS Code\bin;C:\Users\B\flutter\bin;D:\app\Git\cmd;C:\Users\B\AppData\Roaming\npm
USERNAME=B
OS=Windows_NT
PROCESSOR_IDENTIFIER=Intel64 Family 6 Model 126 Stepping 5, GenuineIntel



---------------  S Y S T E M  ---------------

OS:
 Windows 11 , 64 bit Build 22621 (10.0.22621.5262)
OS uptime: 1 days 0:50 hours

CPU: total 8 (initial active 8) (4 cores per cpu, 2 threads per core) family 6 model 126 stepping 5 microcode 0xbc, cx8, cmov, fxsr, ht, mmx, 3dnowpref, sse, sse2, sse3, ssse3, sse4.1, sse4.2, popcnt, lzcnt, tsc, tscinvbit, avx, avx2, aes, erms, clmul, bmi1, bmi2, adx, avx512f, avx512dq, avx512cd, avx512bw, avx512vl, sha, fma, vzeroupper, avx512_vpopcntdq, avx512_vpclmulqdq, avx512_vaes, avx512_vnni, clflush, clflushopt, avx512_vbmi2, avx512_vbmi

Memory: 4k page, system-wide physical 7778M (218M free)
TotalPageFile size 14413M (AvailPageFile size 4M)
current process WorkingSet (physical memory assigned to process): 2597M, peak: 2597M
current process commit charge ("private bytes"): 2636M, peak: 2884M

vm_info: Java HotSpot(TM) 64-Bit Server VM (17.0.12+8-LTS-286) for windows-amd64 JRE (17.0.12+8-LTS-286), built on Jun  5 2024 06:46:59 by "mach5one" with MS VC++ 17.6 (VS2022)

END.
